// Jest Snapshot v1, https://goo.gl/fbAQLP

exports[`Pruebas con <GifGridItem /> Debera mostrar el componente correctamente 1`] = `
<div
  className="card animate__animated animate__fadeIn"
>
  <img
    alt="Un Titulo"
    src="https://localhost"
  />
  <p>
     
    Un Titulo
     
  </p>
</div>
`;
